{
    "-profile test": {
        "content": [
            {
                "BWAMEM2_MEM": {
                    "bwamem2": "2.2.1",
                    "samtools": "1.22.1"
                },
                "FASTQC": {
                    "fastqc": "0.12.1"
                },
                "GATK4_GENOTYPEGVCFS": {
                    "gatk4": "4.7.0.0"
                },
                "GATK4_HAPLOTYPECALLER": {
                    "gatk4": "4.7.0.0"
                },
                "SAMTOOLS_FLAGSTAT": {
                    "samtools": 1.24
                },
                "SAMTOOLS_IDXSTATS": {
                    "samtools": 1.24
                },
                "SAMTOOLS_INDEX": {
                    "samtools": 1.24
                },
                "SAMTOOLS_MERGE": {
                    "samtools": 1.24
                },
                "SAMTOOLS_STATS": {
                    "samtools": 1.24
                },
                "TRIMGALORE": {
                    "trimgalore": "2.3.0"
                },
                "UMITOOLS_DEDUP": {
                    "umitools": "1.1.6"
                },
                "Workflow": {
                    "UMCUGenetics/dxnextflowfp": "v1.0.0dev"
                }
            },
            [
                "QC",
                "QC/fastqc",
                "QC/fastqc/YSTR-2800M_FastQ_S01_L001_1_fastqc.html",
                "QC/fastqc/YSTR-2800M_FastQ_S01_L001_2_fastqc.html",
                "QC/fastqc/YSTR-2800M_FastQ_S01_L002_1_fastqc.html",
                "QC/fastqc/YSTR-2800M_FastQ_S01_L002_2_fastqc.html",
                "QC/fastqc/dup2-2800M_FastQ_S02_L001_1_fastqc.html",
                "QC/fastqc/dup2-2800M_FastQ_S02_L001_2_fastqc.html",
                "QC/multiqc_data",
                "QC/multiqc_data/fastqc-status-check-heatmap.txt",
                "QC/multiqc_data/fastqc_adapter_content_plot.txt",
                "QC/multiqc_data/fastqc_overrepresented_sequences_plot.txt",
                "QC/multiqc_data/fastqc_per_base_n_content_plot.txt",
                "QC/multiqc_data/fastqc_per_base_sequence_quality_plot.txt",
                "QC/multiqc_data/fastqc_per_sequence_gc_content_plot_Counts.txt",
                "QC/multiqc_data/fastqc_per_sequence_gc_content_plot_Percentages.txt",
                "QC/multiqc_data/fastqc_per_sequence_quality_scores_plot.txt",
                "QC/multiqc_data/fastqc_sequence_counts_plot.txt",
                "QC/multiqc_data/fastqc_sequence_duplication_levels_plot.txt",
                "QC/multiqc_data/fastqc_sequence_length_distribution_plot.txt",
                "QC/multiqc_data/fastqc_top_overrepresented_sequences_table.txt",
                "QC/multiqc_data/llms-full.txt",
                "QC/multiqc_data/multiqc.log",
                "QC/multiqc_data/multiqc.parquet",
                "QC/multiqc_data/multiqc_citations.txt",
                "QC/multiqc_data/multiqc_data.json",
                "QC/multiqc_data/multiqc_fastqc.txt",
                "QC/multiqc_data/multiqc_general_stats.txt",
                "QC/multiqc_data/multiqc_samtools_flagstat.txt",
                "QC/multiqc_data/multiqc_samtools_idxstats.txt",
                "QC/multiqc_data/multiqc_samtools_stats.txt",
                "QC/multiqc_data/multiqc_software_versions.txt",
                "QC/multiqc_data/multiqc_sources.txt",
                "QC/multiqc_data/multiqc_umitools_dedup.txt",
                "QC/multiqc_data/multiqc_umitools_extract.txt",
                "QC/multiqc_data/samtools-flagstat-pct-table.txt",
                "QC/multiqc_data/samtools-flagstat-table.txt",
                "QC/multiqc_data/samtools-idxstats-mapped-reads-plot_Normalised_Counts.txt",
                "QC/multiqc_data/samtools-idxstats-mapped-reads-plot_Observed_over_Expected_Counts.txt",
                "QC/multiqc_data/samtools-idxstats-mapped-reads-plot_Raw_Counts.txt",
                "QC/multiqc_data/samtools-stats-dp.txt",
                "QC/multiqc_data/samtools_alignment_plot.txt",
                "QC/multiqc_data/samtools_insert_size.txt",
                "QC/multiqc_data/umitools_deduplication_barplot.txt",
                "QC/multiqc_data/umitools_stats_violin.txt",
                "QC/multiqc_report.html",
                "QC/samtools",
                "QC/samtools/YSTR-2800M.flagstat",
                "QC/samtools/YSTR-2800M.idxstats",
                "QC/samtools/YSTR-2800M.stats",
                "QC/samtools/dup2-2800M.flagstat",
                "QC/samtools/dup2-2800M.idxstats",
                "QC/samtools/dup2-2800M.stats",
                "QC/trimgalore",
                "QC/trimgalore/YSTR-2800M_FastQ_S01_L001_1.fastq.gz_trimming_report.json",
                "QC/trimgalore/YSTR-2800M_FastQ_S01_L001_1.fastq.gz_trimming_report.txt",
                "QC/trimgalore/YSTR-2800M_FastQ_S01_L001_2.fastq.gz_trimming_report.json",
                "QC/trimgalore/YSTR-2800M_FastQ_S01_L001_2.fastq.gz_trimming_report.txt",
                "QC/trimgalore/YSTR-2800M_FastQ_S01_L002_1.fastq.gz_trimming_report.json",
                "QC/trimgalore/YSTR-2800M_FastQ_S01_L002_1.fastq.gz_trimming_report.txt",
                "QC/trimgalore/YSTR-2800M_FastQ_S01_L002_2.fastq.gz_trimming_report.json",
                "QC/trimgalore/YSTR-2800M_FastQ_S01_L002_2.fastq.gz_trimming_report.txt",
                "QC/trimgalore/dup2-2800M_FastQ_S02_L001_1.fastq.gz_trimming_report.json",
                "QC/trimgalore/dup2-2800M_FastQ_S02_L001_1.fastq.gz_trimming_report.txt",
                "QC/trimgalore/dup2-2800M_FastQ_S02_L001_2.fastq.gz_trimming_report.json",
                "QC/trimgalore/dup2-2800M_FastQ_S02_L001_2.fastq.gz_trimming_report.txt",
                "QC/umitools",
                "QC/umitools/YSTR-2800M_dedup.log",
                "QC/umitools/YSTR-2800M_dedup_edit_distance.tsv",
                "QC/umitools/YSTR-2800M_dedup_per_umi.tsv",
                "QC/umitools/YSTR-2800M_dedup_per_umi_per_position.tsv",
                "QC/umitools/dup2-2800M_dedup.log",
                "QC/umitools/dup2-2800M_dedup_edit_distance.tsv",
                "QC/umitools/dup2-2800M_dedup_per_umi.tsv",
                "QC/umitools/dup2-2800M_dedup_per_umi_per_position.tsv",
                "pipeline_info",
                "pipeline_info/dxnextflowfp_software_mqc_versions.yml",
                "unfiltered_bams",
                "unfiltered_bams/YSTR-2800M_FastQ_S01_L001.bam",
                "unfiltered_bams/YSTR-2800M_FastQ_S01_L001.bam.bai",
                "unfiltered_bams/YSTR-2800M_FastQ_S01_L002.bam",
                "unfiltered_bams/YSTR-2800M_FastQ_S01_L002.bam.bai",
                "unfiltered_bams/dup2-2800M_FastQ_S02_L001.bam",
                "unfiltered_bams/dup2-2800M_FastQ_S02_L001.bam.bai",
                "vcf",
                "vcf/YSTR-2800M.vcf.gz",
                "vcf/YSTR-2800M.vcf.gz.tbi",
                "vcf/dup2-2800M.vcf.gz",
                "vcf/dup2-2800M.vcf.gz.tbi",
                "vcf/gatk4_haplo",
                "vcf/gatk4_haplo/YSTR-2800M.g.vcf.gz",
                "vcf/gatk4_haplo/YSTR-2800M.g.vcf.gz.tbi",
                "vcf/gatk4_haplo/dup2-2800M.g.vcf.gz",
                "vcf/gatk4_haplo/dup2-2800M.g.vcf.gz.tbi"
            ],
            [
                "YSTR-2800M_FastQ_S01_L001_1_fastqc.html:md5,b2031d94885a76670be2e07885fc02f7",
                "YSTR-2800M_FastQ_S01_L001_2_fastqc.html:md5,4f3730b7a4afb1496c0d87239b66932e",
                "YSTR-2800M_FastQ_S01_L002_1_fastqc.html:md5,db4930090fadf52e3b0fef75f43bb896",
                "YSTR-2800M_FastQ_S01_L002_2_fastqc.html:md5,fa348ad9f7a15dc485c04080d67d4794",
                "dup2-2800M_FastQ_S02_L001_1_fastqc.html:md5,9d41646464246a528300ad19c255f6f7",
                "dup2-2800M_FastQ_S02_L001_2_fastqc.html:md5,03b58a735a623332c729367cf3c9c3ff",
                "fastqc-status-check-heatmap.txt:md5,a8c8886da7842ed36344aac12787cedb",
                "fastqc_adapter_content_plot.txt:md5,37a97344cda7daa90e158f3795a26368",
                "fastqc_overrepresented_sequences_plot.txt:md5,9e7a29079f437920ae7eddea3ab0c288",
                "fastqc_per_base_n_content_plot.txt:md5,59ea6043cffc58aa7f88e8d94833364f",
                "fastqc_per_base_sequence_quality_plot.txt:md5,ad438847f7da30a8ff859bcb7df5bb7c",
                "fastqc_per_sequence_gc_content_plot_Counts.txt:md5,16682d5b05d5a41db4174f97fbbe013e",
                "fastqc_per_sequence_gc_content_plot_Percentages.txt:md5,3e7f48179c7feaa35737fcadc5314bc9",
                "fastqc_per_sequence_quality_scores_plot.txt:md5,0240462a795199ee5686a90cade1859b",
                "fastqc_sequence_counts_plot.txt:md5,8062fd6c5d594d26a3183e77a0e3e019",
                "fastqc_sequence_duplication_levels_plot.txt:md5,7929375d8d2dfc9b7064b98c34d0979c",
                "fastqc_sequence_length_distribution_plot.txt:md5,97096282a39a746e4fdc5b86d17645e0",
                "fastqc_top_overrepresented_sequences_table.txt:md5,1fe05c27a71d87c84a2908c84021d202",
                "multiqc_citations.txt:md5,4f79efb1c9b2cd193620ffbe0c5e2bfb",
                "multiqc_fastqc.txt:md5,70184eaa8b6ea68682bd7ddab506c892",
                "multiqc_general_stats.txt:md5,340f9d7f259fe3c232f9b76a962f3993",
                "multiqc_samtools_flagstat.txt:md5,a25aeeb6fc3764fa8787eca3eff67ec0",
                "multiqc_samtools_idxstats.txt:md5,449494f425e8fb68bcbd66261c81e9f0",
                "multiqc_samtools_stats.txt:md5,67e70a32ed41059d1c801f5a0eb42e93",
                "multiqc_umitools_dedup.txt:md5,6bebe5cb3bd62f77d2f786d0e55d91cd",
                "multiqc_umitools_extract.txt:md5,d41d8cd98f00b204e9800998ecf8427e",
                "samtools-flagstat-pct-table.txt:md5,8760b373410c3d60ebd68e99ed2686b8",
                "samtools-flagstat-table.txt:md5,8734ddb2dcbd35c6bd9d315fa4b91825",
                "samtools-idxstats-mapped-reads-plot_Normalised_Counts.txt:md5,b502d70fd49e34e1bcd6749752134ca9",
                "samtools-idxstats-mapped-reads-plot_Observed_over_Expected_Counts.txt:md5,b502d70fd49e34e1bcd6749752134ca9",
                "samtools-idxstats-mapped-reads-plot_Raw_Counts.txt:md5,369596154bff977312978bc558bb6c5b",
                "samtools-stats-dp.txt:md5,1476a65c562b1080c7f768e32a749c83",
                "samtools_alignment_plot.txt:md5,f82f7759bde581cda6a5326dd132cfe5",
                "samtools_insert_size.txt:md5,2af3e24672a70ba866e5b50fe4a990aa",
                "umitools_deduplication_barplot.txt:md5,3c72b30d3141bb184bba75664f7659eb",
                "umitools_stats_violin.txt:md5,6102bf4d0bc33a0c6f80599b10b28b04",
                "YSTR-2800M.flagstat:md5,df1cb03b33a64237186bc1b2a74da33e",
                "YSTR-2800M.idxstats:md5,c959d4310b44c413f4582d0d42c4a5ce",
                "YSTR-2800M.stats:md5,e81330b98f14cd55ac02a1e1802f5138",
                "dup2-2800M.flagstat:md5,f47bad99ee3baa5969c36f6e34a04db8",
                "dup2-2800M.idxstats:md5,787affa7c77a0ffb13ff110895af0607",
                "dup2-2800M.stats:md5,f6ddddebcf6c2bd2cded6961cab5e755",
                "YSTR-2800M_FastQ_S01_L001_1.fastq.gz_trimming_report.json:md5,cdb632a64d888e27444f01d10d6aedc9",
                "YSTR-2800M_FastQ_S01_L001_1.fastq.gz_trimming_report.txt:md5,52876b933a4fd85abdf894f6e89bbd47",
                "YSTR-2800M_FastQ_S01_L001_2.fastq.gz_trimming_report.json:md5,56b3fa15e3a22f4a558c026235820dc1",
                "YSTR-2800M_FastQ_S01_L001_2.fastq.gz_trimming_report.txt:md5,06dcca83fdac39cf9fcc390f76a37b5e",
                "YSTR-2800M_FastQ_S01_L002_1.fastq.gz_trimming_report.json:md5,280f1cfccb06170e1915782b9c46425a",
                "YSTR-2800M_FastQ_S01_L002_1.fastq.gz_trimming_report.txt:md5,8f47251ebe594c2c68580b1b6ceaed39",
                "YSTR-2800M_FastQ_S01_L002_2.fastq.gz_trimming_report.json:md5,83bdcb2d98a111b4725f3e2eeeabf2af",
                "YSTR-2800M_FastQ_S01_L002_2.fastq.gz_trimming_report.txt:md5,cd37627430d84a3a5af0271fb703e453",
                "dup2-2800M_FastQ_S02_L001_1.fastq.gz_trimming_report.json:md5,a00406ece27f25603a7b7f0f883815b3",
                "dup2-2800M_FastQ_S02_L001_1.fastq.gz_trimming_report.txt:md5,69c2fd38e69dcab562f9e62e58446587",
                "dup2-2800M_FastQ_S02_L001_2.fastq.gz_trimming_report.json:md5,c87d8c5894014515450f4fe58c3eb79f",
                "dup2-2800M_FastQ_S02_L001_2.fastq.gz_trimming_report.txt:md5,e978759fe327eeb37856184d3c828078",
                "YSTR-2800M_dedup_edit_distance.tsv:md5,e4e0cb26587c34480dc47a6d03de9305",
                "YSTR-2800M_dedup_per_umi.tsv:md5,f1d19ff68743c4d9cd6d691795dae844",
                "YSTR-2800M_dedup_per_umi_per_position.tsv:md5,2a40cebd1a393c63695bbde941f120dc",
                "dup2-2800M_dedup_edit_distance.tsv:md5,75e60d9a521b4a055b45a126b90c5074",
                "dup2-2800M_dedup_per_umi.tsv:md5,8bbb6bc7a98e84be876b8f2ab41aa726",
                "dup2-2800M_dedup_per_umi_per_position.tsv:md5,b429d78a23c76e68515e77b45a857ac4",
                "YSTR-2800M_FastQ_S01_L001.bam:md5,d4fdd75c2f6ba5dad76b08904f5b9221",
                "YSTR-2800M_FastQ_S01_L001.bam.bai:md5,949c624ad667896d9e5d136875963d59",
                "YSTR-2800M_FastQ_S01_L002.bam:md5,c9d134c2aa0a2502eca4632808c6f74a",
                "YSTR-2800M_FastQ_S01_L002.bam.bai:md5,5be9c0810d770da3f3a77c4cb72cc2a4",
                "dup2-2800M_FastQ_S02_L001.bam:md5,034fbe20e8f65f8cb8e196a947d0d041",
                "dup2-2800M_FastQ_S02_L001.bam.bai:md5,61343479a491b06a9b34f67ad2c7177a"
            ],
            [
                [
                    "vcf/YSTR-2800M.vcf.gz",
                    "f73fee6bb381b431bcc242d8bb47f5f2",
                    "VcfFile [chromosomes=[chr22], sampleCount=1, variantCount=2, phased=false, phasedAutodetect=false]"
                ],
                [
                    "vcf/dup2-2800M.vcf.gz",
                    "f73fee6bb381b431bcc242d8bb47f5f2",
                    "VcfFile [chromosomes=[chr22], sampleCount=1, variantCount=2, phased=false, phasedAutodetect=false]"
                ],
                [
                    "vcf/gatk4_haplo/YSTR-2800M.g.vcf.gz",
                    "92465fb150f0257264c200f8e4cde2c9",
                    "VcfFile [chromosomes=[chr22], sampleCount=1, variantCount=2, phased=false, phasedAutodetect=false]"
                ],
                [
                    "vcf/gatk4_haplo/dup2-2800M.g.vcf.gz",
                    "92465fb150f0257264c200f8e4cde2c9",
                    "VcfFile [chromosomes=[chr22], sampleCount=1, variantCount=2, phased=false, phasedAutodetect=false]"
                ]
            ]
        ],
        "timestamp": "2026-10-07T16:52:46.824997",
        "meta": {
            "nf-test": "0.9.5",
            "nextflow": "26.04.6"
        }
    }
}